
> row-app@0.0.0 build
> tsc -b && vite build

[36mvite v7.3.1 [32mbuilding client environment for production...[36m[39m
transforming...
[32mÔ£ô[39m 2576 modules transformed.
rendering chunks...
computing gzip size...
[2mdist/[22m[32mmanifest.webmanifest                        [39m[1m[2m    0.35 kB[22m[1m[22m
[2mdist/[22m[32mindex.html                                  [39m[1m[2m    0.50 kB[22m[1m[22m[2m Ôöé gzip:   0.31 kB[22m
[2mdist/[22m[35massets/index-CKiaKnjh.css                   [39m[1m[2m   65.06 kB[22m[1m[22m[2m Ôöé gzip:  15.48 kB[22m
[2mdist/[22m[36massets/workbox-window.prod.es5-BIl4cyR9.js  [39m[1m[2m    5.76 kB[22m[1m[22m[2m Ôöé gzip:   2.37 kB[22m
[2mdist/[22m[36massets/index-RPzhi2zx.js                    [39m[1m[33m2,638.30 kB[39m[22m[2m Ôöé gzip: 793.22 kB[22m
node.exe : [33m
At line:1 char:1
+ & "C:\Program Files\nodejs/node.exe" "C:\Program 
Files\nodejs/node_mo ...
+ ~~~~~~~~~~~~~~~~~~~~~~~~~~~~~~~~~~~~~~~~~~~~~~~~~~~
~~~~~~~~~~~~~~~~~~
    + CategoryInfo          : NotSpecified: ([33m:S 
   tring) [], RemoteException
    + FullyQualifiedErrorId : NativeCommandError
 
(!) Some chunks are larger than 500 kB after 
minification. Consider:
- Using dynamic import() to code-split the 
application
- Use build.rollupOptions.output.manualChunks to 
improve chunking: https://rollupjs.org/configuration-
options/#output-manualchunks
- Adjust chunk size limit for this warning via 
build.chunkSizeWarningLimit.[39m
[32mÔ£ô built in 19.77s[39m
[31merror during build:
Error: 
  Configure "workbox.maximumFileSizeToCacheInBytes" 
to change the limit: the default value is 2 MiB.
  Check https://vite-pwa-org.netlify.app/guide/faq.ht
ml#missing-assets-from-sw-precache-manifest for more 
information.
  Assets exceeding the limit:
  - assets/index-RPzhi2zx.js is 2.64 MB, and won't 
be precached.

    at logWorkboxResult (file:///C:/Users/Admin/Deskt
op/ROW/node_modules/vite-plugin-pwa/dist/chunk-G4TAN3
4B.js:44:13)
    at generateServiceWorker (file:///C:/Users/Admin/
Desktop/ROW/node_modules/vite-plugin-pwa/dist/index.j
s:209:3)
    at async _generateSW (file:///C:/Users/Admin/Desk
top/ROW/node_modules/vite-plugin-pwa/dist/index.js:23
4:5)
    at async Object.handler (file:///C:/Users/Admin/D
esktop/ROW/node_modules/vite-plugin-pwa/dist/index.js
:427:13)
    at async PluginDriver.hookParallel (file:///C:/Us
ers/Admin/Desktop/ROW/node_modules/rollup/dist/es/sha
red/node-entry.js:22475:17)
    at async Object.close (file:///C:/Users/Admin/Des
ktop/ROW/node_modules/rollup/dist/es/shared/node-entr
y.js:23494:13)
    at async buildEnvironment (file:///C:/Users/Admin
/Desktop/ROW/node_modules/vite/dist/node/chunks/confi
g.js:33555:15)
    at async Object.build (file:///C:/Users/Admin/Des
ktop/ROW/node_modules/vite/dist/node/chunks/config.js
:33900:19)
    at async Object.buildApp (file:///C:/Users/Admin/
Desktop/ROW/node_modules/vite/dist/node/chunks/config
.js:33897:153)
    at async CAC.<anonymous> (file:///C:/Users/Admin/
Desktop/ROW/node_modules/vite/dist/node/cli.js:629:3)
[39m
